// Jest Snapshot v1, https://goo.gl/fbAQLP

exports[`renders correctly 1`] = `
<Fragment>
  <section
    className="ToolsSection"
  >
    <PenSize
      activeId="firstSize"
      changePencilSizeHandler={[Function]}
    />
    <StateManager
      className="SelectInput"
      defaultInputValue=""
      defaultMenuIsOpen={false}
      defaultValue={null}
      onChange={[Function]}
      options={
        Array [
          Object {
            "label": "32",
            "value": 32,
          },
          Object {
            "label": "64",
            "value": 64,
          },
          Object {
            "label": "128",
            "value": 128,
          },
        ]
      }
      placeholder={32}
    />
    <div
      className="MainTools"
    >
      <Tool
        active={false}
        icon="pen-fancy"
        id="pen"
        key="pen"
        setActiveTool={[Function]}
        tooltip="Pen (P)"
      />
      <Tool
        active={false}
        icon="eraser"
        id="eraser"
        key="eraser"
        setActiveTool={[Function]}
        tooltip="Eraser (E)"
      />
      <Tool
        active={false}
        icon="pencil-ruler"
        id="stroke"
        key="stroke"
        setActiveTool={[Function]}
        tooltip="Stroke (E)"
      />
      <Tool
        active={false}
        icon="fill-drip"
        id="bucket"
        key="bucket"
        setActiveTool={[Function]}
        tooltip="Bucket (B)"
      />
      <Tool
        active={false}
        icon="palette"
        id="bucketall"
        key="bucketall"
        setActiveTool={[Function]}
        tooltip="Bucket all pixels at the same color (A)"
      />
    </div>
    <SwitchColor
      changeState={[Function]}
      currentColor="#000000"
    />
    <ShotCuts />
  </section>
</Fragment>
`;

exports[`renders correctly again 1`] = `
<section
  class="ToolsSection"
>
  <div
    class="PenSizeMenu"
  >
    <div
      class="PenSize PenSizeActive"
      data-tip="1x"
      id="firstSize"
    >
      <div
        class="firstSize"
      />
    </div>
    <div
      class="PenSize"
      data-tip="2x"
      id="secondSize"
    >
      <div
        class="secondSize"
      />
    </div>
    <div
      class="PenSize"
      data-tip="3x"
      id="thirdSize"
    >
      <div
        class="thirdSize"
      />
    </div>
    <div
      class="PenSize"
      data-tip="4x"
      id="forthSize"
    >
      <div
        class="forthSize"
      />
    </div>
  </div>
  <div
    class="SelectInput css-2b097c-container"
  >
    <div
      class=" css-yk16xz-control"
    >
      <div
        class=" css-1hwfws3"
      >
        <div
          class=" css-1wa3eu0-placeholder"
        >
          32
        </div>
        <div
          class="css-b8ldur-Input"
        >
          <div
            class=""
            style="display:inline-block"
          >
            <input
              aria-autocomplete="list"
              autocapitalize="none"
              autocomplete="off"
              autocorrect="off"
              id="react-select-2-input"
              spellcheck="false"
              style="box-sizing:content-box;width:1px;label:input;background:0;border:0;font-size:inherit;opacity:1;outline:0;padding:0;color:inherit"
              tabindex="0"
              type="text"
              value=""
            />
            <div
              style="position:absolute;top:0;left:0;visibility:hidden;height:0;overflow:scroll;white-space:pre"
            />
          </div>
        </div>
      </div>
      <div
        class=" css-1hb7zxy-IndicatorsContainer"
      >
        <span
          class=" css-1okebmr-indicatorSeparator"
        />
        <div
          aria-hidden="true"
          class=" css-tlfecz-indicatorContainer"
        >
          <svg
            aria-hidden="true"
            class="css-6q0nyr-Svg"
            focusable="false"
            height="20"
            viewBox="0 0 20 20"
            width="20"
          >
            <path
              d="M4.516 7.548c0.436-0.446 1.043-0.481 1.576 0l3.908 3.747 3.908-3.747c0.533-0.481 1.141-0.446 1.574 0 0.436 0.445 0.408 1.197 0 1.615-0.406 0.418-4.695 4.502-4.695 4.502-0.217 0.223-0.502 0.335-0.787 0.335s-0.57-0.112-0.789-0.335c0 0-4.287-4.084-4.695-4.502s-0.436-1.17 0-1.615z"
            />
          </svg>
        </div>
      </div>
    </div>
  </div>
  <div
    class="MainTools"
  >
    <div
      class="Tool"
      data-tip="Pen (P)"
      id="pen"
    />
    <div
      class="Tool"
      data-tip="Eraser (E)"
      id="eraser"
    />
    <div
      class="Tool"
      data-tip="Stroke (E)"
      id="stroke"
    />
    <div
      class="Tool"
      data-tip="Bucket (B)"
      id="bucket"
    />
    <div
      class="Tool"
      data-tip="Bucket all pixels at the same color (A)"
      id="bucketall"
    />
  </div>
  <div
    class="SwitchColorBlock"
  >
    <label
      class="CurrentColor"
      id="firstColor"
    >
      <input
        id="mainColor"
        type="color"
        value="#808080"
      />
    </label>
    <label
      class="PrevColor"
      id="secondColor"
    >
      <input
        id="secondColor"
        type="color"
        value="#808080"
      />
    </label>
  </div>
  <div
    class="SwitchColorsBtn"
    data-tip="Press to switch colors"
  />
  <div
    class="ShotCutsBlock"
  />
</section>
`;
